2025-12-11T17:42:31.619+03:00  INFO 5032 --- [inventory-service] [main] c.s.i.InventoryServiceApplication        : Starting InventoryServiceApplication using Java 17.0.2 with PID 5032 (D:\DeskTop\Reposit\shop-microservices\inventory-service\target\classes started by Павел in D:\DeskTop\Reposit\shop-microservices\inventory-service)
2025-12-11T17:42:31.625+03:00  INFO 5032 --- [inventory-service] [main] c.s.i.InventoryServiceApplication        : No active profile set, falling back to 1 default profile: "default"
2025-12-11T17:42:32.261+03:00  INFO 5032 --- [inventory-service] [main] .s.d.r.c.RepositoryConfigurationDelegate : Bootstrapping Spring Data JPA repositories in DEFAULT mode.
2025-12-11T17:42:32.318+03:00  INFO 5032 --- [inventory-service] [main] .s.d.r.c.RepositoryConfigurationDelegate : Finished Spring Data repository scanning in 47 ms. Found 1 JPA repository interface.
2025-12-11T17:42:32.995+03:00  INFO 5032 --- [inventory-service] [main] o.s.b.w.embedded.tomcat.TomcatWebServer  : Tomcat initialized with port 8082 (http)
2025-12-11T17:42:33.015+03:00  INFO 5032 --- [inventory-service] [main] o.apache.catalina.core.StandardService   : Starting service [Tomcat]
2025-12-11T17:42:33.016+03:00  INFO 5032 --- [inventory-service] [main] o.apache.catalina.core.StandardEngine    : Starting Servlet engine: [Apache Tomcat/10.1.18]
2025-12-11T17:42:33.137+03:00  INFO 5032 --- [inventory-service] [main] o.a.c.c.C.[Tomcat].[localhost].[/]       : Initializing Spring embedded WebApplicationContext
2025-12-11T17:42:33.139+03:00  INFO 5032 --- [inventory-service] [main] w.s.c.ServletWebServerApplicationContext : Root WebApplicationContext: initialization completed in 1464 ms
2025-12-11T17:42:33.346+03:00  INFO 5032 --- [inventory-service] [main] o.hibernate.jpa.internal.util.LogHelper  : HHH000204: Processing PersistenceUnitInfo [name: default]
2025-12-11T17:42:33.451+03:00  INFO 5032 --- [inventory-service] [main] org.hibernate.Version                    : HHH000412: Hibernate ORM core version 6.4.1.Final
2025-12-11T17:42:33.492+03:00  INFO 5032 --- [inventory-service] [main] o.h.c.internal.RegionFactoryInitiator    : HHH000026: Second-level cache disabled
2025-12-11T17:42:33.741+03:00  INFO 5032 --- [inventory-service] [main] o.s.o.j.p.SpringPersistenceUnitInfo      : No LoadTimeWeaver setup: ignoring JPA class transformer
2025-12-11T17:42:33.770+03:00  INFO 5032 --- [inventory-service] [main] com.zaxxer.hikari.HikariDataSource       : HikariPool-1 - Starting...
2025-12-11T17:42:33.946+03:00  INFO 5032 --- [inventory-service] [main] com.zaxxer.hikari.pool.HikariPool        : HikariPool-1 - Added connection org.postgresql.jdbc.PgConnection@21a6a494
2025-12-11T17:42:33.950+03:00  INFO 5032 --- [inventory-service] [main] com.zaxxer.hikari.HikariDataSource       : HikariPool-1 - Start completed.
2025-12-11T17:42:34.822+03:00  INFO 5032 --- [inventory-service] [main] o.h.e.t.j.p.i.JtaPlatformInitiator       : HHH000489: No JTA platform available (set 'hibernate.transaction.jta.platform' to enable JTA platform integration)
2025-12-11T17:42:34.914+03:00  INFO 5032 --- [inventory-service] [main] j.LocalContainerEntityManagerFactoryBean : Initialized JPA EntityManagerFactory for persistence unit 'default'
2025-12-11T17:42:35.218+03:00  WARN 5032 --- [inventory-service] [main] JpaBaseConfiguration$JpaWebConfiguration : spring.jpa.open-in-view is enabled by default. Therefore, database queries may be performed during view rendering. Explicitly configure spring.jpa.open-in-view to disable this warning
2025-12-11T17:42:35.441+03:00  INFO 5032 --- [inventory-service] [main] g.s.a.GrpcServerFactoryAutoConfiguration : Detected grpc-netty-shaded: Creating ShadedNettyGrpcServerFactory
2025-12-11T17:42:35.689+03:00  INFO 5032 --- [inventory-service] [main] o.s.b.w.embedded.tomcat.TomcatWebServer  : Tomcat started on port 8082 (http) with context path ''
2025-12-11T17:42:35.732+03:00  INFO 5032 --- [inventory-service] [main] o.a.k.clients.consumer.ConsumerConfig    : ConsumerConfig values: 
	allow.auto.create.topics = true
	auto.commit.interval.ms = 5000
	auto.include.jmx.reporter = true
	auto.offset.reset = latest
	bootstrap.servers = [localhost:9092]
	check.crcs = true
	client.dns.lookup = use_all_dns_ips
	client.id = consumer-inventory-service-1
	client.rack = 
	connections.max.idle.ms = 540000
	default.api.timeout.ms = 60000
	enable.auto.commit = false
	exclude.internal.topics = true
	fetch.max.bytes = 52428800
	fetch.max.wait.ms = 500
	fetch.min.bytes = 1
	group.id = inventory-service
	group.instance.id = null
	heartbeat.interval.ms = 3000
	interceptor.classes = []
	internal.leave.group.on.close = true
	internal.throw.on.fetch.stable.offset.unsupported = false
	isolation.level = read_uncommitted
	key.deserializer = class org.apache.kafka.common.serialization.StringDeserializer
	max.partition.fetch.bytes = 1048576
	max.poll.interval.ms = 300000
	max.poll.records = 500
	metadata.max.age.ms = 300000
	metric.reporters = []
	metrics.num.samples = 2
	metrics.recording.level = INFO
	metrics.sample.window.ms = 30000
	partition.assignment.strategy = [class org.apache.kafka.clients.consumer.RangeAssignor, class org.apache.kafka.clients.consumer.CooperativeStickyAssignor]
	receive.buffer.bytes = 65536
	reconnect.backoff.max.ms = 1000
	reconnect.backoff.ms = 50
	request.timeout.ms = 30000
	retry.backoff.ms = 100
	sasl.client.callback.handler.class = null
	sasl.jaas.config = null
	sasl.kerberos.kinit.cmd = /usr/bin/kinit
	sasl.kerberos.min.time.before.relogin = 60000
	sasl.kerberos.service.name = null
	sasl.kerberos.ticket.renew.jitter = 0.05
	sasl.kerberos.ticket.renew.window.factor = 0.8
	sasl.login.callback.handler.class = null
	sasl.login.class = null
	sasl.login.connect.timeout.ms = null
	sasl.login.read.timeout.ms = null
	sasl.login.refresh.buffer.seconds = 300
	sasl.login.refresh.min.period.seconds = 60
	sasl.login.refresh.window.factor = 0.8
	sasl.login.refresh.window.jitter = 0.05
	sasl.login.retry.backoff.max.ms = 10000
	sasl.login.retry.backoff.ms = 100
	sasl.mechanism = GSSAPI
	sasl.oauthbearer.clock.skew.seconds = 30
	sasl.oauthbearer.expected.audience = null
	sasl.oauthbearer.expected.issuer = null
	sasl.oauthbearer.jwks.endpoint.refresh.ms = 3600000
	sasl.oauthbearer.jwks.endpoint.retry.backoff.max.ms = 10000
	sasl.oauthbearer.jwks.endpoint.retry.backoff.ms = 100
	sasl.oauthbearer.jwks.endpoint.url = null
	sasl.oauthbearer.scope.claim.name = scope
	sasl.oauthbearer.sub.claim.name = sub
	sasl.oauthbearer.token.endpoint.url = null
	security.protocol = PLAINTEXT
	security.providers = null
	send.buffer.bytes = 131072
	session.timeout.ms = 45000
	socket.connection.setup.timeout.max.ms = 30000
	socket.connection.setup.timeout.ms = 10000
	ssl.cipher.suites = null
	ssl.enabled.protocols = [TLSv1.2, TLSv1.3]
	ssl.endpoint.identification.algorithm = https
	ssl.engine.factory.class = null
	ssl.key.password = null
	ssl.keymanager.algorithm = SunX509
	ssl.keystore.certificate.chain = null
	ssl.keystore.key = null
	ssl.keystore.location = null
	ssl.keystore.password = null
	ssl.keystore.type = JKS
	ssl.protocol = TLSv1.3
	ssl.provider = null
	ssl.secure.random.implementation = null
	ssl.trustmanager.algorithm = PKIX
	ssl.truststore.certificates = null
	ssl.truststore.location = null
	ssl.truststore.password = null
	ssl.truststore.type = JKS
	value.deserializer = class org.springframework.kafka.support.serializer.JsonDeserializer

2025-12-11T17:42:35.902+03:00  INFO 5032 --- [inventory-service] [main] o.a.kafka.common.utils.AppInfoParser     : Kafka version: 3.6.1
2025-12-11T17:42:35.903+03:00  INFO 5032 --- [inventory-service] [main] o.a.kafka.common.utils.AppInfoParser     : Kafka commitId: 5e3c2b738d253ff5
2025-12-11T17:42:35.903+03:00  INFO 5032 --- [inventory-service] [main] o.a.kafka.common.utils.AppInfoParser     : Kafka startTimeMs: 1765464155901
2025-12-11T17:42:35.906+03:00  INFO 5032 --- [inventory-service] [main] fkaConsumerFactory$ExtendedKafkaConsumer : [Consumer clientId=consumer-inventory-service-1, groupId=inventory-service] Subscribed to topic(s): orders
2025-12-11T17:42:36.022+03:00  INFO 5032 --- [inventory-service] [main] n.d.b.g.s.s.AbstractGrpcServerFactory    : Registered gRPC service: inventory.InventoryService, bean: inventoryGrpcService, class: com.shop.inventoryservice.grpc.InventoryGrpcService
2025-12-11T17:42:36.022+03:00  INFO 5032 --- [inventory-service] [main] n.d.b.g.s.s.AbstractGrpcServerFactory    : Registered gRPC service: grpc.health.v1.Health, bean: grpcHealthService, class: io.grpc.protobuf.services.HealthServiceImpl
2025-12-11T17:42:36.022+03:00  INFO 5032 --- [inventory-service] [main] n.d.b.g.s.s.AbstractGrpcServerFactory    : Registered gRPC service: grpc.reflection.v1alpha.ServerReflection, bean: protoReflectionService, class: io.grpc.protobuf.services.ProtoReflectionService
2025-12-11T17:42:36.203+03:00  INFO 5032 --- [inventory-service] [main] n.d.b.g.s.s.GrpcServerLifecycle          : gRPC Server started, listening on address: *, port: 9091
2025-12-11T17:42:36.212+03:00  INFO 5032 --- [inventory-service] [main] c.s.i.InventoryServiceApplication        : Started InventoryServiceApplication in 5.684 seconds (process running for 6.064)
2025-12-11T17:42:36.309+03:00  INFO 5032 --- [inventory-service] [org.springframework.kafka.KafkaListenerEndpointContainer#0-0-C-1] org.apache.kafka.clients.Metadata        : [Consumer clientId=consumer-inventory-service-1, groupId=inventory-service] Cluster ID: 1gJd-S3mSVaBVIEDusvs6w
2025-12-11T17:42:36.311+03:00  INFO 5032 --- [inventory-service] [org.springframework.kafka.KafkaListenerEndpointContainer#0-0-C-1] o.a.k.c.c.internals.ConsumerCoordinator  : [Consumer clientId=consumer-inventory-service-1, groupId=inventory-service] Discovered group coordinator localhost:9092 (id: 2147483646 rack: null)
2025-12-11T17:42:36.313+03:00  INFO 5032 --- [inventory-service] [org.springframework.kafka.KafkaListenerEndpointContainer#0-0-C-1] o.a.k.c.c.internals.ConsumerCoordinator  : [Consumer clientId=consumer-inventory-service-1, groupId=inventory-service] (Re-)joining group
2025-12-11T17:42:36.334+03:00  INFO 5032 --- [inventory-service] [org.springframework.kafka.KafkaListenerEndpointContainer#0-0-C-1] o.a.k.c.c.internals.ConsumerCoordinator  : [Consumer clientId=consumer-inventory-service-1, groupId=inventory-service] Request joining group due to: need to re-join with the given member-id: consumer-inventory-service-1-d79f001b-fa05-4a83-9451-ff775a03e9a7
2025-12-11T17:42:36.334+03:00  INFO 5032 --- [inventory-service] [org.springframework.kafka.KafkaListenerEndpointContainer#0-0-C-1] o.a.k.c.c.internals.ConsumerCoordinator  : [Consumer clientId=consumer-inventory-service-1, groupId=inventory-service] Request joining group due to: rebalance failed due to 'The group member needs to have a valid member id before actually entering a consumer group.' (MemberIdRequiredException)
2025-12-11T17:42:36.334+03:00  INFO 5032 --- [inventory-service] [org.springframework.kafka.KafkaListenerEndpointContainer#0-0-C-1] o.a.k.c.c.internals.ConsumerCoordinator  : [Consumer clientId=consumer-inventory-service-1, groupId=inventory-service] (Re-)joining group
2025-12-11T17:42:39.347+03:00  INFO 5032 --- [inventory-service] [org.springframework.kafka.KafkaListenerEndpointContainer#0-0-C-1] o.a.k.c.c.internals.ConsumerCoordinator  : [Consumer clientId=consumer-inventory-service-1, groupId=inventory-service] Successfully joined group with generation Generation{generationId=10, memberId='consumer-inventory-service-1-d79f001b-fa05-4a83-9451-ff775a03e9a7', protocol='range'}
2025-12-11T17:42:39.352+03:00  INFO 5032 --- [inventory-service] [org.springframework.kafka.KafkaListenerEndpointContainer#0-0-C-1] o.a.k.c.c.internals.ConsumerCoordinator  : [Consumer clientId=consumer-inventory-service-1, groupId=inventory-service] Finished assignment for group at generation 10: {consumer-inventory-service-1-d79f001b-fa05-4a83-9451-ff775a03e9a7=Assignment(partitions=[orders-0])}
2025-12-11T17:42:39.372+03:00  INFO 5032 --- [inventory-service] [org.springframework.kafka.KafkaListenerEndpointContainer#0-0-C-1] o.a.k.c.c.internals.ConsumerCoordinator  : [Consumer clientId=consumer-inventory-service-1, groupId=inventory-service] Successfully synced group in generation Generation{generationId=10, memberId='consumer-inventory-service-1-d79f001b-fa05-4a83-9451-ff775a03e9a7', protocol='range'}
2025-12-11T17:42:39.373+03:00  INFO 5032 --- [inventory-service] [org.springframework.kafka.KafkaListenerEndpointContainer#0-0-C-1] o.a.k.c.c.internals.ConsumerCoordinator  : [Consumer clientId=consumer-inventory-service-1, groupId=inventory-service] Notifying assignor about the new Assignment(partitions=[orders-0])
2025-12-11T17:42:39.376+03:00  INFO 5032 --- [inventory-service] [org.springframework.kafka.KafkaListenerEndpointContainer#0-0-C-1] o.a.k.c.c.internals.ConsumerCoordinator  : [Consumer clientId=consumer-inventory-service-1, groupId=inventory-service] Adding newly assigned partitions: orders-0
2025-12-11T17:42:39.397+03:00  INFO 5032 --- [inventory-service] [org.springframework.kafka.KafkaListenerEndpointContainer#0-0-C-1] o.a.k.c.c.internals.ConsumerCoordinator  : [Consumer clientId=consumer-inventory-service-1, groupId=inventory-service] Setting offset for partition orders-0 to the committed offset FetchPosition{offset=14, offsetEpoch=Optional.empty, currentLeader=LeaderAndEpoch{leader=Optional[localhost:9092 (id: 1 rack: null)], epoch=0}}
2025-12-11T17:42:39.399+03:00  INFO 5032 --- [inventory-service] [org.springframework.kafka.KafkaListenerEndpointContainer#0-0-C-1] o.s.k.l.KafkaMessageListenerContainer    : inventory-service: partitions assigned: [orders-0]
2025-12-11T17:51:36.407+03:00  INFO 5032 --- [inventory-service] [org.springframework.kafka.KafkaListenerEndpointContainer#0-0-C-1] org.apache.kafka.clients.NetworkClient   : [Consumer clientId=consumer-inventory-service-1, groupId=inventory-service] Node -1 disconnected.
2025-12-11T18:03:48.945+03:00  INFO 5032 --- [inventory-service] [org.springframework.kafka.KafkaListenerEndpointContainer#0-0-C-1] c.s.i.kafka.InventoryOrderListener       : InventoryOrderListener: received OrderCreatedEvent, orderId=36, itemsCount=2
2025-12-11T18:03:48.954+03:00  INFO 5032 --- [inventory-service] [org.springframework.kafka.KafkaListenerEndpointContainer#0-0-C-1] c.s.i.kafka.InventoryOrderListener       : InventoryOrderListener: productId=3 quantity 7 -> 6 (reserved 1) for orderId=36
2025-12-11T18:03:48.957+03:00  INFO 5032 --- [inventory-service] [org.springframework.kafka.KafkaListenerEndpointContainer#0-0-C-1] c.s.i.kafka.InventoryOrderListener       : InventoryOrderListener: productId=4 quantity 10 -> 9 (reserved 1) for orderId=36
2025-12-11T18:03:48.957+03:00  INFO 5032 --- [inventory-service] [org.springframework.kafka.KafkaListenerEndpointContainer#0-0-C-1] c.s.i.kafka.InventoryOrderListener       : InventoryOrderListener: successfully reserved items for orderId=36
2025-12-11T18:03:56.978+03:00  INFO 5032 --- [inventory-service] [org.springframework.kafka.KafkaListenerEndpointContainer#0-0-C-1] c.s.i.kafka.InventoryOrderListener       : InventoryOrderListener: received OrderCreatedEvent, orderId=37, itemsCount=2
2025-12-11T18:03:56.979+03:00  INFO 5032 --- [inventory-service] [org.springframework.kafka.KafkaListenerEndpointContainer#0-0-C-1] c.s.i.kafka.InventoryOrderListener       : InventoryOrderListener: productId=1 quantity 1 -> 0 (reserved 1) for orderId=37
2025-12-11T18:03:56.981+03:00  INFO 5032 --- [inventory-service] [org.springframework.kafka.KafkaListenerEndpointContainer#0-0-C-1] c.s.i.kafka.InventoryOrderListener       : InventoryOrderListener: productId=2 quantity 1 -> 0 (reserved 1) for orderId=37
2025-12-11T18:03:56.982+03:00  INFO 5032 --- [inventory-service] [org.springframework.kafka.KafkaListenerEndpointContainer#0-0-C-1] c.s.i.kafka.InventoryOrderListener       : InventoryOrderListener: successfully reserved items for orderId=37
