2025-12-15T18:55:31.921+03:00  INFO 13744 --- [api-gateway] [main] c.shop.apigateway.ApiGatewayApplication  : Starting ApiGatewayApplication using Java 17.0.2 with PID 13744 (D:\DeskTop\Reposit\shop-microservices\api-gateway\target\classes started by Павел in D:\DeskTop\Reposit\shop-microservices\api-gateway)
2025-12-15T18:55:31.928+03:00  INFO 13744 --- [api-gateway] [main] c.shop.apigateway.ApiGatewayApplication  : No active profile set, falling back to 1 default profile: "default"
2025-12-15T18:55:32.834+03:00  INFO 13744 --- [api-gateway] [main] .s.d.r.c.RepositoryConfigurationDelegate : Bootstrapping Spring Data JPA repositories in DEFAULT mode.
2025-12-15T18:55:32.989+03:00  INFO 13744 --- [api-gateway] [main] .s.d.r.c.RepositoryConfigurationDelegate : Finished Spring Data repository scanning in 147 ms. Found 1 JPA repository interface.
2025-12-15T18:55:33.143+03:00  INFO 13744 --- [api-gateway] [main] o.s.cloud.context.scope.GenericScope     : BeanFactory id=b2543fd3-0553-324e-bea5-db91b5664b07
2025-12-15T18:55:33.653+03:00  INFO 13744 --- [api-gateway] [main] o.s.b.w.embedded.tomcat.TomcatWebServer  : Tomcat initialized with port 8080 (http)
2025-12-15T18:55:33.664+03:00  INFO 13744 --- [api-gateway] [main] o.apache.catalina.core.StandardService   : Starting service [Tomcat]
2025-12-15T18:55:33.664+03:00  INFO 13744 --- [api-gateway] [main] o.apache.catalina.core.StandardEngine    : Starting Servlet engine: [Apache Tomcat/10.1.18]
2025-12-15T18:55:33.820+03:00  INFO 13744 --- [api-gateway] [main] o.hibernate.jpa.internal.util.LogHelper  : HHH000204: Processing PersistenceUnitInfo [name: default]
2025-12-15T18:55:33.876+03:00  INFO 13744 --- [api-gateway] [main] org.hibernate.Version                    : HHH000412: Hibernate ORM core version 6.4.1.Final
2025-12-15T18:55:33.910+03:00  INFO 13744 --- [api-gateway] [main] o.h.c.internal.RegionFactoryInitiator    : HHH000026: Second-level cache disabled
2025-12-15T18:55:34.126+03:00  INFO 13744 --- [api-gateway] [main] o.s.o.j.p.SpringPersistenceUnitInfo      : No LoadTimeWeaver setup: ignoring JPA class transformer
2025-12-15T18:55:34.152+03:00  INFO 13744 --- [api-gateway] [main] com.zaxxer.hikari.HikariDataSource       : HikariPool-1 - Starting...
2025-12-15T18:55:34.292+03:00  INFO 13744 --- [api-gateway] [main] com.zaxxer.hikari.pool.HikariPool        : HikariPool-1 - Added connection org.postgresql.jdbc.PgConnection@283bb8b7
2025-12-15T18:55:34.294+03:00  INFO 13744 --- [api-gateway] [main] com.zaxxer.hikari.HikariDataSource       : HikariPool-1 - Start completed.
2025-12-15T18:55:35.104+03:00  INFO 13744 --- [api-gateway] [main] o.h.e.t.j.p.i.JtaPlatformInitiator       : HHH000489: No JTA platform available (set 'hibernate.transaction.jta.platform' to enable JTA platform integration)
2025-12-15T18:55:35.144+03:00  INFO 13744 --- [api-gateway] [main] j.LocalContainerEntityManagerFactoryBean : Initialized JPA EntityManagerFactory for persistence unit 'default'
2025-12-15T18:55:35.516+03:00  INFO 13744 --- [api-gateway] [main] ctiveUserDetailsServiceAutoConfiguration : 

Using generated security password: 55599f4d-221c-494e-b104-2178114e279a

2025-12-15T18:55:37.003+03:00  INFO 13744 --- [api-gateway] [main] o.s.cloud.commons.util.InetUtils         : Cannot determine local hostname
2025-12-15T18:55:37.213+03:00 DEBUG 13744 --- [api-gateway] [main] o.s.c.gateway.config.GatewayProperties   : Routes supplied from Gateway Properties: [RouteDefinition{id='order-service', predicates=[PredicateDefinition{name='Path', args={_genkey_0=/api/orders/**, _genkey_1=/api/users/**, _genkey_2=/api/auth/**}}], filters=[], uri=http://localhost:8081, order=0, metadata={}}, RouteDefinition{id='inventory-service', predicates=[PredicateDefinition{name='Path', args={_genkey_0=/api/inventory/**, _genkey_1=/api/products/**}}], filters=[], uri=http://localhost:8082, order=0, metadata={}}, RouteDefinition{id='notification-service', predicates=[PredicateDefinition{name='Path', args={_genkey_0=/api/notifications/**}}], filters=[], uri=http://localhost:8083, order=0, metadata={}}]
2025-12-15T18:55:37.332+03:00  INFO 13744 --- [api-gateway] [main] o.s.c.g.r.RouteDefinitionRouteLocator    : Loaded RoutePredicateFactory [After]
2025-12-15T18:55:37.332+03:00  INFO 13744 --- [api-gateway] [main] o.s.c.g.r.RouteDefinitionRouteLocator    : Loaded RoutePredicateFactory [Before]
2025-12-15T18:55:37.333+03:00  INFO 13744 --- [api-gateway] [main] o.s.c.g.r.RouteDefinitionRouteLocator    : Loaded RoutePredicateFactory [Between]
2025-12-15T18:55:37.333+03:00  INFO 13744 --- [api-gateway] [main] o.s.c.g.r.RouteDefinitionRouteLocator    : Loaded RoutePredicateFactory [Cookie]
2025-12-15T18:55:37.333+03:00  INFO 13744 --- [api-gateway] [main] o.s.c.g.r.RouteDefinitionRouteLocator    : Loaded RoutePredicateFactory [Header]
2025-12-15T18:55:37.333+03:00  INFO 13744 --- [api-gateway] [main] o.s.c.g.r.RouteDefinitionRouteLocator    : Loaded RoutePredicateFactory [Host]
2025-12-15T18:55:37.333+03:00  INFO 13744 --- [api-gateway] [main] o.s.c.g.r.RouteDefinitionRouteLocator    : Loaded RoutePredicateFactory [Method]
2025-12-15T18:55:37.333+03:00  INFO 13744 --- [api-gateway] [main] o.s.c.g.r.RouteDefinitionRouteLocator    : Loaded RoutePredicateFactory [Path]
2025-12-15T18:55:37.333+03:00  INFO 13744 --- [api-gateway] [main] o.s.c.g.r.RouteDefinitionRouteLocator    : Loaded RoutePredicateFactory [Query]
2025-12-15T18:55:37.334+03:00  INFO 13744 --- [api-gateway] [main] o.s.c.g.r.RouteDefinitionRouteLocator    : Loaded RoutePredicateFactory [ReadBody]
2025-12-15T18:55:37.334+03:00  INFO 13744 --- [api-gateway] [main] o.s.c.g.r.RouteDefinitionRouteLocator    : Loaded RoutePredicateFactory [RemoteAddr]
2025-12-15T18:55:37.334+03:00  INFO 13744 --- [api-gateway] [main] o.s.c.g.r.RouteDefinitionRouteLocator    : Loaded RoutePredicateFactory [XForwardedRemoteAddr]
2025-12-15T18:55:37.334+03:00  INFO 13744 --- [api-gateway] [main] o.s.c.g.r.RouteDefinitionRouteLocator    : Loaded RoutePredicateFactory [Weight]
2025-12-15T18:55:37.334+03:00  INFO 13744 --- [api-gateway] [main] o.s.c.g.r.RouteDefinitionRouteLocator    : Loaded RoutePredicateFactory [CloudFoundryRouteService]
2025-12-15T18:55:38.572+03:00  INFO 13744 --- [api-gateway] [main] o.s.cloud.commons.util.InetUtils         : Cannot determine local hostname
2025-12-15T18:55:38.623+03:00  INFO 13744 --- [api-gateway] [main] o.s.b.a.e.web.EndpointLinksResolver      : Exposing 1 endpoint(s) beneath base path '/actuator'
2025-12-15T18:55:38.929+03:00  INFO 13744 --- [api-gateway] [main] o.s.b.w.embedded.tomcat.TomcatWebServer  : Tomcat started on port 8080 (http) with context path ''
2025-12-15T18:55:40.003+03:00  INFO 13744 --- [api-gateway] [main] o.s.cloud.commons.util.InetUtils         : Cannot determine local hostname
2025-12-15T18:55:41.074+03:00  INFO 13744 --- [api-gateway] [main] o.s.cloud.commons.util.InetUtils         : Cannot determine local hostname
2025-12-15T18:55:41.104+03:00 DEBUG 13744 --- [api-gateway] [main] o.s.c.g.r.RouteDefinitionRouteLocator    : RouteDefinition order-service applying {_genkey_0=/api/orders/**, _genkey_1=/api/users/**, _genkey_2=/api/auth/**} to Path
2025-12-15T18:55:41.116+03:00 DEBUG 13744 --- [api-gateway] [main] o.s.c.g.r.RouteDefinitionRouteLocator    : RouteDefinition order-service applying filter {_genkey_0=Cookie} to RemoveRequestHeader
2025-12-15T18:55:41.123+03:00 DEBUG 13744 --- [api-gateway] [main] o.s.c.g.r.RouteDefinitionRouteLocator    : RouteDefinition matched: order-service
2025-12-15T18:55:41.123+03:00 DEBUG 13744 --- [api-gateway] [main] o.s.c.g.r.RouteDefinitionRouteLocator    : RouteDefinition inventory-service applying {_genkey_0=/api/inventory/**, _genkey_1=/api/products/**} to Path
2025-12-15T18:55:41.124+03:00 DEBUG 13744 --- [api-gateway] [main] o.s.c.g.r.RouteDefinitionRouteLocator    : RouteDefinition inventory-service applying filter {_genkey_0=Cookie} to RemoveRequestHeader
2025-12-15T18:55:41.125+03:00 DEBUG 13744 --- [api-gateway] [main] o.s.c.g.r.RouteDefinitionRouteLocator    : RouteDefinition matched: inventory-service
2025-12-15T18:55:41.125+03:00 DEBUG 13744 --- [api-gateway] [main] o.s.c.g.r.RouteDefinitionRouteLocator    : RouteDefinition notification-service applying {_genkey_0=/api/notifications/**} to Path
2025-12-15T18:55:41.126+03:00 DEBUG 13744 --- [api-gateway] [main] o.s.c.g.r.RouteDefinitionRouteLocator    : RouteDefinition notification-service applying filter {_genkey_0=Cookie} to RemoveRequestHeader
2025-12-15T18:55:41.127+03:00 DEBUG 13744 --- [api-gateway] [main] o.s.c.g.r.RouteDefinitionRouteLocator    : RouteDefinition matched: notification-service
2025-12-15T18:55:41.132+03:00 DEBUG 13744 --- [api-gateway] [main] o.s.c.g.filter.GatewayMetricsFilter      : New routes count: 3
2025-12-15T18:55:41.134+03:00  INFO 13744 --- [api-gateway] [main] c.shop.apigateway.ApiGatewayApplication  : Started ApiGatewayApplication in 10.775 seconds (process running for 11.138)
2025-12-15T18:56:52.610+03:00  INFO 13744 --- [api-gateway] [http-nio-8080-exec-5] c.shop.apigateway.security.JwtWebFilter  : JwtWebFilter: token valid, username=testuser
2025-12-15T18:56:52.621+03:00  INFO 13744 --- [api-gateway] [parallel-2] c.shop.apigateway.security.JwtWebFilter  : JwtWebFilter: token valid, username=testuser
2025-12-15T18:56:52.627+03:00 DEBUG 13744 --- [api-gateway] [boundedElastic-2] o.s.c.g.h.RoutePredicateHandlerMapping   : Route matched: order-service
2025-12-15T18:56:52.630+03:00 DEBUG 13744 --- [api-gateway] [boundedElastic-2] o.s.c.g.h.RoutePredicateHandlerMapping   : Mapping [Exchange: POST http://localhost:8080/api/orders] to Route{id='order-service', uri=http://localhost:8081, order=0, predicate=Paths: [/api/orders/**, /api/users/**, /api/auth/**], match trailing slash: true, gatewayFilters=[[[RemoveRequestHeader name = 'Cookie'], order = 1]], metadata={}}
2025-12-15T18:56:52.631+03:00 DEBUG 13744 --- [api-gateway] [boundedElastic-2] o.s.c.g.h.RoutePredicateHandlerMapping   : [43473c0a] Mapped to org.springframework.cloud.gateway.handler.FilteringWebHandler@3725242e
2025-12-15T18:56:52.631+03:00 DEBUG 13744 --- [api-gateway] [boundedElastic-2] o.s.c.g.handler.FilteringWebHandler      : Sorted gatewayFilterFactories: [[GatewayFilterAdapter{delegate=org.springframework.cloud.gateway.filter.RemoveCachedBodyFilter@56d189d0}, order = -2147483648], [GatewayFilterAdapter{delegate=org.springframework.cloud.gateway.filter.AdaptCachedBodyGlobalFilter@3a3f1703}, order = -2147482648], [GatewayFilterAdapter{delegate=com.shop.apigateway.filter.JwtUserHeaderFilter@19b33b0d}, order = -1], [GatewayFilterAdapter{delegate=org.springframework.cloud.gateway.filter.NettyWriteResponseFilter@3a4d0ca2}, order = -1], [GatewayFilterAdapter{delegate=org.springframework.cloud.gateway.filter.ForwardPathFilter@2d2697a8}, order = 0], [GatewayFilterAdapter{delegate=org.springframework.cloud.gateway.filter.GatewayMetricsFilter@27b9d5b7}, order = 0], [[RemoveRequestHeader name = 'Cookie'], order = 1], [GatewayFilterAdapter{delegate=org.springframework.cloud.gateway.filter.RouteToRequestUrlFilter@461e479c}, order = 10000], [GatewayFilterAdapter{delegate=org.springframework.cloud.gateway.config.GatewayNoLoadBalancerClientAutoConfiguration$NoLoadBalancerClientFilter@77ac7cd6}, order = 10150], [GatewayFilterAdapter{delegate=org.springframework.cloud.gateway.filter.WebsocketRoutingFilter@4c219c84}, order = 2147483646], [GatewayFilterAdapter{delegate=org.springframework.cloud.gateway.filter.NettyRoutingFilter@75eca6d8}, order = 2147483647], [GatewayFilterAdapter{delegate=org.springframework.cloud.gateway.filter.ForwardRoutingFilter@6e1a8e78}, order = 2147483647]]
2025-12-15T18:56:52.636+03:00  INFO 13744 --- [api-gateway] [boundedElastic-2] c.s.a.filter.JwtUserHeaderFilter         : JwtUserHeaderFilter: extracted username='testuser' for path=/api/orders
2025-12-15T18:56:52.650+03:00 DEBUG 13744 --- [api-gateway] [boundedElastic-2] g.f.h.o.ObservedRequestHttpHeadersFilter : Will instrument the HTTP request headers [host:"localhost:8080", user-agent:"curl/7.85.0", accept:"*/*", content-type:"application/json", authorization:"Bearer eyJhbGciOiJIUzI1NiJ9.eyJzdWIiOiJ0ZXN0dXNlciIsInR5cGUiOiJhY2Nlc3MiLCJpYXQiOjE3NjU4MTQxNjUsImV4cCI6MTc2NTgxNTA2NX0.ADsHQyUYdMMokY_QRRArW4z_weigM5lrem72sqcUnrY", content-length:"107", X-User-Name:"testuser", Forwarded:"proto=http;host="localhost:8080";for="127.0.0.1:61255"", X-Forwarded-For:"127.0.0.1", X-Forwarded-Proto:"http", X-Forwarded-Port:"8080", X-Forwarded-Host:"localhost:8080"]
2025-12-15T18:56:52.655+03:00 DEBUG 13744 --- [api-gateway] [boundedElastic-2] g.f.h.o.ObservedRequestHttpHeadersFilter : Client observation  {name=http.client.requests(null), error=null, context=name='http.client.requests', contextualName='null', error='null', lowCardinalityKeyValues=[http.method='POST', http.status_code='UNKNOWN', spring.cloud.gateway.route.id='order-service', spring.cloud.gateway.route.uri='http://localhost:8081'], highCardinalityKeyValues=[http.uri='http://localhost:8080/api/orders'], map=[class io.micrometer.core.instrument.Timer$Sample='io.micrometer.core.instrument.Timer$Sample@44b4a74d', class io.micrometer.core.instrument.LongTaskTimer$Sample='SampleImpl{duration(seconds)=0.0010281, duration(nanos)=1028100.0, startTimeNanos=626508129997600}'], parentObservation=org.springframework.security.web.server.ObservationWebFilterChainDecorator$PhasedObservation@2e076422} created for the request. New headers are [host:"localhost:8080", user-agent:"curl/7.85.0", accept:"*/*", content-type:"application/json", authorization:"Bearer eyJhbGciOiJIUzI1NiJ9.eyJzdWIiOiJ0ZXN0dXNlciIsInR5cGUiOiJhY2Nlc3MiLCJpYXQiOjE3NjU4MTQxNjUsImV4cCI6MTc2NTgxNTA2NX0.ADsHQyUYdMMokY_QRRArW4z_weigM5lrem72sqcUnrY", content-length:"107", X-User-Name:"testuser", Forwarded:"proto=http;host="localhost:8080";for="127.0.0.1:61255"", X-Forwarded-For:"127.0.0.1", X-Forwarded-Proto:"http", X-Forwarded-Port:"8080", X-Forwarded-Host:"localhost:8080"]
2025-12-15T18:56:53.712+03:00 DEBUG 13744 --- [api-gateway] [reactor-http-nio-2] .f.h.o.ObservedResponseHttpHeadersFilter : Will instrument the response
2025-12-15T18:56:53.713+03:00 DEBUG 13744 --- [api-gateway] [reactor-http-nio-2] .f.h.o.ObservedResponseHttpHeadersFilter : The response was handled for observation {name=http.client.requests(null), error=null, context=name='http.client.requests', contextualName='null', error='null', lowCardinalityKeyValues=[http.method='POST', http.status_code='UNKNOWN', spring.cloud.gateway.route.id='order-service', spring.cloud.gateway.route.uri='http://localhost:8081'], highCardinalityKeyValues=[http.uri='http://localhost:8080/api/orders'], map=[class io.micrometer.core.instrument.Timer$Sample='io.micrometer.core.instrument.Timer$Sample@44b4a74d', class io.micrometer.core.instrument.LongTaskTimer$Sample='SampleImpl{duration(seconds)=1.0590142, duration(nanos)=1.0590142E9, startTimeNanos=626508129997600}'], parentObservation=org.springframework.security.web.server.ObservationWebFilterChainDecorator$PhasedObservation@2e076422}
